2018-08-16 14:35:25 INFO     TEST
2018-08-16 14:35:58 WARNING  TEST
2018-08-16 14:36:06 CRITICAL TEST
2018-08-16 14:36:20 ERROR    TEST
2018-08-16 14:38:12 ERROR    TEST
2018-08-16 14:39:38 ERROR    TEST
2018-08-16 14:41:27 ERROR    TEST
2018-08-16 14:55:25 ERROR    TEST
2018-08-16 15:04:16 ERROR    TEST
